#
# There is insufficient memory for the Java Runtime Environment to continue.
# Native memory allocation (mmap) failed to map 67108864 bytes for G1 virtual space
# Possible reasons:
#   The system is out of physical RAM or swap space
#   The process is running with CompressedOops enabled, and the Java Heap may be blocking the growth of the native heap
# Possible solutions:
#   Reduce memory load on the system
#   Increase physical memory or swap space
#   Check if swap backing store is full
#   Decrease Java heap size (-Xmx/-Xms)
#   Decrease number of Java threads
#   Decrease Java thread stack sizes (-Xss)
#   Set larger code cache with -XX:ReservedCodeCacheSize=
#   JVM is running with Unscaled Compressed Oops mode in which the Java heap is
#     placed in the first 4GB address space. The Java Heap base address is the
#     maximum limit for the native heap growth. Please use -XX:HeapBaseMinAddress
#     to set the Java Heap base and to place the Java Heap above 4GB virtual address.
# This output file may be truncated or incomplete.
#
#  Out of Memory Error (os_windows.cpp:3548), pid=27288, tid=27840
#
# JRE version:  (17.0.12+8) (build )
# Java VM: Java HotSpot(TM) 64-Bit Server VM (17.0.12+8-LTS-286, mixed mode, sharing, tiered, compressed oops, compressed class ptrs, g1 gc, windows-amd64)
# No core dump will be written. Minidumps are not enabled by default on client versions of Windows
#

---------------  S U M M A R Y ------------

Command Line: -Xmx64m -Xms64m -Dorg.gradle.appname=gradlew F:\Agentic_mental_care\android\\gradle\wrapper\gradle-wrapper.jar signingReport

Host: 11th Gen Intel(R) Core(TM) i5-11260H @ 2.60GHz, 12 cores, 15G,  Windows 11 , 64 bit Build 26100 (10.0.26100.8521)
Time: Sun Jun 28 18:08:07 2026 India Standard Time elapsed time: 0.062613 seconds (0d 0h 0m 0s)

---------------  T H R E A D  ---------------

Current thread (0x00000194c8200bf0):  JavaThread "Unknown thread" [_thread_in_vm, id=27840, stack(0x00000060f2f00000,0x00000060f3000000)]

Stack: [0x00000060f2f00000,0x00000060f3000000]
Native frames: (J=compiled Java code, j=interpreted, Vv=VM code, C=native code)
V  [jvm.dll+0x67a04a]
V  [jvm.dll+0x7da4ed]
V  [jvm.dll+0x7dbe33]
V  [jvm.dll+0x7dc4a3]
V  [jvm.dll+0x24508f]
V  [jvm.dll+0x677089]
V  [jvm.dll+0x66bd32]
V  [jvm.dll+0x301fa6]
V  [jvm.dll+0x309546]
V  [jvm.dll+0x359d2e]
V  [jvm.dll+0x359f5f]
V  [jvm.dll+0x2d9078]
V  [jvm.dll+0x2d9fe4]
V  [jvm.dll+0x7aca21]
V  [jvm.dll+0x367591]
V  [jvm.dll+0x78b999]
V  [jvm.dll+0x3ec83f]
V  [jvm.dll+0x3ee471]
C  [jli.dll+0x5297]
C  [ucrtbase.dll+0x2cd30]
C  [KERNEL32.DLL+0x2e957]
C  [ntdll.dll+0x87c1c]


---------------  P R O C E S S  ---------------

Threads class SMR info:
_java_thread_list=0x00007ffecde37a18, length=0, elements={
}

Java Threads: ( => current thread )

Other Threads:
  0x00000194c8221db0 GCTaskThread "GC Thread#0" [stack: 0x00000060f3000000,0x00000060f3100000] [id=8376]
  0x00000194c8224970 ConcurrentGCThread "G1 Main Marker" [stack: 0x00000060f3100000,0x00000060f3200000] [id=2084]
  0x00000194c8225380 ConcurrentGCThread "G1 Conc#0" [stack: 0x00000060f3200000,0x00000060f3300000] [id=19384]

[error occurred during error reporting (printing all threads), id 0xc0000005, EXCEPTION_ACCESS_VIOLATION (0xc0000005) at pc=0x00007ffecd669b67]

VM state: not at safepoint (not fully initialized)

VM Mutex/Monitor currently owned by a thread:  ([mutex/lock_event])
[0x00000194c81fd050] Heap_lock - owner thread: 0x00000194c8200bf0

Heap address: 0x00000000fc000000, size: 64 MB, Compressed Oops mode: 32-bit

CDS archive(s) mapped at: [0x0000000000000000-0x0000000000000000-0x0000000000000000), size 0, SharedBaseAddress: 0x0000000800000000, ArchiveRelocationMode: 1.
Narrow klass base: 0x0000000000000000, Narrow klass shift: 0, Narrow klass range: 0x0

GC Precious Log:
<Empty>

Heap:
 garbage-first heap   total 0K, used 0K [0x00000000fc000000, 0x0000000100000000)
  region size 1024K, 0 young (0K), 0 survivors (0K)

[error occurred during error reporting (printing heap information), id 0xc0000005, EXCEPTION_ACCESS_VIOLATION (0xc0000005) at pc=0x00007ffecda53859]

GC Heap History (0 events):
No events

Deoptimization events (0 events):
No events

Classes unloaded (0 events):
No events

Classes redefined (0 events):
No events

Internal exceptions (0 events):
No events

VM Operations (0 events):
No events

Events (1 events):
Event: 0.032 Loaded shared library C:\Program Files\Java\jdk-17\bin\java.dll


Dynamic libraries:
0x00007ff77ffa0000 - 0x00007ff77ffb0000 	C:\Program Files\Java\jdk-17\bin\java.exe
0x00007fff9d500000 - 0x00007fff9d766000 	C:\WINDOWS\SYSTEM32\ntdll.dll
0x00007fff9b270000 - 0x00007fff9b339000 	C:\WINDOWS\System32\KERNEL32.DLL
0x00007fff9abb0000 - 0x00007fff9afaa000 	C:\WINDOWS\System32\KERNELBASE.dll
0x00007fff9b0f0000 - 0x00007fff9b23c000 	C:\WINDOWS\System32\ucrtbase.dll
0x00007fff83120000 - 0x00007fff83139000 	C:\Program Files\Java\jdk-17\bin\jli.dll
0x00007fff9d400000 - 0x00007fff9d4b6000 	C:\WINDOWS\System32\ADVAPI32.dll
0x00007fff9b6b0000 - 0x00007fff9b759000 	C:\WINDOWS\System32\msvcrt.dll
0x00007fff6bf50000 - 0x00007fff6bf6b000 	C:\Program Files\Java\jdk-17\bin\VCRUNTIME140.dll
0x00007fff9cf70000 - 0x00007fff9d01a000 	C:\WINDOWS\System32\sechost.dll
0x00007fff9d210000 - 0x00007fff9d328000 	C:\WINDOWS\System32\RPCRT4.dll
0x00007fff9b4d0000 - 0x00007fff9b697000 	C:\WINDOWS\System32\USER32.dll
0x00007fff9b240000 - 0x00007fff9b267000 	C:\WINDOWS\System32\win32u.dll
0x00007fff77700000 - 0x00007fff77992000 	C:\WINDOWS\WinSxS\amd64_microsoft.windows.common-controls_6595b64144ccf1df_6.0.26100.8521_none_3e08b75ce33403b3\COMCTL32.dll
0x00007fff9c030000 - 0x00007fff9c05b000 	C:\WINDOWS\System32\GDI32.dll
0x00007fff9a790000 - 0x00007fff9a8bb000 	C:\WINDOWS\System32\gdi32full.dll
0x00007fff9b040000 - 0x00007fff9b0e3000 	C:\WINDOWS\System32\msvcp_win.dll
0x00007fff8e6c0000 - 0x00007fff8e6cb000 	C:\WINDOWS\SYSTEM32\VERSION.dll
0x00007fff9c060000 - 0x00007fff9c092000 	C:\WINDOWS\System32\IMM32.DLL
0x00007fff94ac0000 - 0x00007fff94acc000 	C:\Program Files\Java\jdk-17\bin\vcruntime140_1.dll
0x00007fff18b10000 - 0x00007fff18b9e000 	C:\Program Files\Java\jdk-17\bin\msvcp140.dll
0x00007ffecd380000 - 0x00007ffecdf60000 	C:\Program Files\Java\jdk-17\bin\server\jvm.dll
0x00007fff9c020000 - 0x00007fff9c028000 	C:\WINDOWS\System32\PSAPI.DLL
0x00007fff8c170000 - 0x00007fff8c1a6000 	C:\WINDOWS\SYSTEM32\WINMM.dll
0x00007fff80850000 - 0x00007fff8085a000 	C:\WINDOWS\SYSTEM32\WSOCK32.dll
0x00007fff9baf0000 - 0x00007fff9bb70000 	C:\WINDOWS\System32\WS2_32.dll
0x00007fff99640000 - 0x00007fff9965b000 	C:\WINDOWS\SYSTEM32\kernel.appcore.dll
0x00007fff6adc0000 - 0x00007fff6adca000 	C:\Program Files\Java\jdk-17\bin\jimage.dll
0x00007fff97e40000 - 0x00007fff98082000 	C:\WINDOWS\SYSTEM32\DBGHELP.DLL
0x00007fff9b760000 - 0x00007fff9bae3000 	C:\WINDOWS\System32\combase.dll
0x00007fff9c130000 - 0x00007fff9c209000 	C:\WINDOWS\System32\OLEAUT32.dll
0x00007fff751b0000 - 0x00007fff751eb000 	C:\WINDOWS\SYSTEM32\dbgcore.DLL
0x00007fff9a980000 - 0x00007fff9aa28000 	C:\WINDOWS\System32\bcryptPrimitives.dll
0x00007fff1f6e0000 - 0x00007fff1f705000 	C:\Program Files\Java\jdk-17\bin\java.dll

dbghelp: loaded successfully - version: 4.0.5 - missing functions: none
symbol engine: initialized successfully - sym options: 0x614 - pdb path: .;C:\Program Files\Java\jdk-17\bin;C:\WINDOWS\SYSTEM32;C:\WINDOWS\WinSxS\amd64_microsoft.windows.common-controls_6595b64144ccf1df_6.0.26100.8521_none_3e08b75ce33403b3;C:\Program Files\Java\jdk-17\bin\server

VM Arguments:
jvm_args: -Xmx64m -Xms64m -Dorg.gradle.appname=gradlew 
java_command: F:\Agentic_mental_care\android\\gradle\wrapper\gradle-wrapper.jar signingReport
java_class_path (initial): F:\Agentic_mental_care\android\\gradle\wrapper\gradle-wrapper.jar
Launcher Type: SUN_STANDARD

[Global flags]
     intx CICompilerCount                          = 4                                         {product} {ergonomic}
     uint ConcGCThreads                            = 3                                         {product} {ergonomic}
     uint G1ConcRefinementThreads                  = 10                                        {product} {ergonomic}
   size_t G1HeapRegionSize                         = 1048576                                   {product} {ergonomic}
    uintx GCDrainStackTargetSize                   = 64                                        {product} {ergonomic}
   size_t InitialHeapSize                          = 67108864                                  {product} {command line}
   size_t MarkStackSize                            = 4194304                                   {product} {ergonomic}
   size_t MaxHeapSize                              = 67108864                                  {product} {command line}
   size_t MinHeapDeltaBytes                        = 1048576                                   {product} {ergonomic}
   size_t MinHeapSize                              = 67108864                                  {product} {command line}
    uintx NonNMethodCodeHeapSize                   = 5839372                                {pd product} {ergonomic}
    uintx NonProfiledCodeHeapSize                  = 122909434                              {pd product} {ergonomic}
    uintx ProfiledCodeHeapSize                     = 122909434                              {pd product} {ergonomic}
    uintx ReservedCodeCacheSize                    = 251658240                              {pd product} {ergonomic}
     bool SegmentedCodeCache                       = true                                      {product} {ergonomic}
   size_t SoftMaxHeapSize                          = 67108864                               {manageable} {ergonomic}
     bool UseCompressedClassPointers               = true                           {product lp64_product} {ergonomic}
     bool UseCompressedOops                        = true                           {product lp64_product} {ergonomic}
     bool UseG1GC                                  = true                                      {product} {ergonomic}
     bool UseLargePagesIndividualAllocation        = false                                  {pd product} {ergonomic}

Logging:
Log output configuration:
 #0: stdout all=warning uptime,level,tags
 #1: stderr all=off uptime,level,tags

Environment Variables:
JAVA_HOME=C:\Program Files\Java\jdk-17
PATH=C:\Program Files\Common Files\Oracle\Java\javapath;C:\Program Files (x86)\Common Files\Oracle\Java\java8path;C:\Program Files (x86)\Common Files\Oracle\Java\javapath;C:\Windows\system32;C:\Windows;C:\Windows\System32\Wbem;C:\Windows\System32\WindowsPowerShell\v1.0\;C:\Windows\System32\OpenSSH\;C:\Program Files\dotnet\;C:\Program Files (x86)\NVIDIA Corporation\PhysX\Common;C:\WINDOWS\system32;C:\WINDOWS;C:\WINDOWS\System32\Wbem;C:\WINDOWS\System32\WindowsPowerShell\v1.0\;C:\WINDOWS\System32\OpenSSH\;C:\Program Files\nodejs\;C:\MinGW\bin;C:\Program Files\Java\jdk-21\bin;C:\Users\jahag\AppData\Local\Programs\Python\Python39;C:\Program Files\NVIDIA Corporation\NVIDIA app\NvDLISR;C:\Program Files\NVIDIA Corporation\NVIDIA NvDLISR;C:\Program Files (x86)\Microsoft SQL Server\160\Tools\Binn\;C:\Program Files\Microsoft SQL Server\160\Tools\Binn\;C:\Program Files\Microsoft SQL Server\Client SDK\ODBC\170\Tools\Binn\;C:\Program Files\Microsoft SQL Server\160\DTS\Binn\;C:\Program Files\Kubernetes\Minikube;C:\minikube;C:\Program Files\Git\cmd;C:\Program Files\Java\jdk-17;C:\hadoop\bin;C:\hadoop\sbin;C:\Users\jahag\AppData\Local\Programs\Tesseract-OCR;C:\poppler\poppler-25.07.0\Library\bin;C:\Android;C:\Program Files\Java\jdk-17\bin;;C:\WINDOWS\system32;C:\WINDOWS;C:\WINDOWS\System32\Wbem;C:\WINDOWS\System32\WindowsPowerShell\v1.0\;C:\WINDOWS\System32\OpenSSH\;C:\Users\jahag\AppData\Local\Programs\Python\Python310\Scripts\;C:\Users\jahag\AppData\Local\Programs\Python\Python310\;C:\Program Files\MySQL\MySQL Shell 8.0\bin\;C:\Users\jahag\AppData\Local\Programs\Python\Python39-32\Scripts\;C:\Users\jahag\AppData\Local\Programs\Python\Python39-32\;C:\Users\jahag\AppData\Local\Programs\Python\Python311\Scripts\;C:\Users\jahag\AppData\Local\Programs\Python\Python311\;C:\Users\jahag\AppData\Local\Programs\Python\Launcher\;C:\Users\jahag\AppData\Local\Microsoft\WindowsApps;C:\Users\jahag\AppData\Roaming\npm;C:\Users\jahag\AppData\Local\Programs\Microsoft VS Code\bin;C:\Program Files\hero
USERNAME=jahag
LANG=en_US.UTF-8
OS=Windows_NT
PROCESSOR_IDENTIFIER=Intel64 Family 6 Model 141 Stepping 1, GenuineIntel



---------------  S Y S T E M  ---------------

OS:
 Windows 11 , 64 bit Build 26100 (10.0.26100.8521)
OS uptime: 0 days 22:07 hours
Hyper-V role detected

CPU: total 12 (initial active 12) (6 cores per cpu, 2 threads per core) family 6 model 141 stepping 1 microcode 0x58, cx8, cmov, fxsr, ht, mmx, 3dnowpref, sse, sse2, sse3, ssse3, sse4.1, sse4.2, popcnt, lzcnt, tsc, tscinvbit, avx, avx2, aes, erms, clmul, bmi1, bmi2, adx, avx512f, avx512dq, avx512cd, avx512bw, avx512vl, sha, fma, vzeroupper, avx512_vpopcntdq, avx512_vpclmulqdq, avx512_vaes, avx512_vnni, clflush, clflushopt, clwb, avx512_vbmi2, avx512_vbmi, hv

Memory: 4k page, system-wide physical 16114M (1777M free)
TotalPageFile size 19123M (AvailPageFile size 8M)
current process WorkingSet (physical memory assigned to process): 13M, peak: 13M
current process commit charge ("private bytes"): 63M, peak: 127M

vm_info: Java HotSpot(TM) 64-Bit Server VM (17.0.12+8-LTS-286) for windows-amd64 JRE (17.0.12+8-LTS-286), built on Jun  5 2024 06:46:59 by "mach5one" with MS VC++ 17.6 (VS2022)

END.
